{
  "id": "ponderer:kiln_usage",
  "items": ["tensura:kiln"],
  "title": {"en_us": "Kiln Usage Tutorial", "zh_cn": "窑炉使用教程"},
  "structures": ["ponderer:basic"],
  "tags": [],
  "steps": [],
  "scenes": [
    {
      "id": "kiln_usage",
      "title": {"en_us": "Kiln Usage", "zh_cn": "窑炉使用教程"},
      "steps": [
        {"type": "show_structure", "structure": "ponderer:basic", "attachKeyFrame": true},
        {"type": "idle", "duration": 20},
        {"type": "set_block", "block": "tensura:kiln", "blockPos": [2, 1, 2], "attachKeyFrame": true},
        {"type": "text", "duration": 50, "text": {"en_us": "The Kiln is a special furnace for smelting Magic Ore Shards.", "zh_cn": "窑炉是一种用于熔炼魔法矿石的特殊熔炉。"}, "point": [2.5, 1.5, 2.0], "color": "green", "placeNearTarget": true},
        {"type": "idle", "duration": 60},
        {"type": "show_controls", "duration": 40, "point": [2.5, 1.5, 2.0], "direction": "up", "item": "tensura:kiln"},
        {"type": "idle", "duration": 20},
        {"type": "text", "duration": 50, "text": {"en_us": "Input: Raw Magic Ore Shard (top right slot)", "zh_cn": "输入：原魔法矿石碎片（右侧上方槽）"}, "point": [2.5, 1.5, 2.0], "color": "input", "placeNearTarget": true},
        {"type": "idle", "duration": 60},
        {"type": "show_controls", "duration": 40, "point": [2.5, 1.5, 2.0], "direction": "up", "item": "minecraft:coal"},
        {"type": "idle", "duration": 20},
        {"type": "text", "duration": 50, "text": {"en_us": "Input: Fuel (bottom right slot)", "zh_cn": "输入：燃料（右侧下方槽）"}, "point": [2.5, 1.5, 2.0], "color": "input", "placeNearTarget": true},
        {"type": "idle", "duration": 60},
        {"type": "show_controls", "duration": 40, "point": [2.5, 1.5, 2.0], "direction": "up", "item": "tensura:kiln"},
        {"type": "idle", "duration": 20},
        {"type": "text", "duration": 50, "text": {"en_us": "Output: Molten Magisteel (center slot)", "zh_cn": "输出：熔融魔钢（中间槽）"}, "point": [2.5, 1.5, 2.0], "color": "output", "placeNearTarget": true},
        {"type": "idle", "duration": 60},
        {"type": "show_controls", "duration": 40, "point": [2.5, 1.5, 2.0], "direction": "up", "item": "minecraft:iron_ingot"},
        {"type": "idle", "duration": 20},
        {"type": "text", "duration": 50, "text": {"en_us": "Can be mixed with Iron, Gold, etc. to create alloys.", "zh_cn": "可混入铁锭、金锭等制作合金。"}, "point": [2.5, 1.5, 2.0], "color": "green", "placeNearTarget": true},
        {"type": "idle", "duration": 40},
        {"type": "show_controls", "duration": 40, "point": [2.5, 1.5, 2.0], "direction": "up", "item": "minecraft:gold_ingot"},
        {"type": "idle", "duration": 60},
        {"type": "show_controls", "duration": 40, "point": [2.5, 1.5, 2.0], "direction": "up", "item": "tensura:kiln"},
        {"type": "idle", "duration": 20},
        {"type": "text", "duration": 50, "text": {"en_us": "Example alloy output: Low Magisteel Ingot", "zh_cn": "产出合金示例：低魔钢锭"}, "point": [2.5, 1.5, 2.0], "color": "green", "placeNearTarget": true},
        {"type": "idle", "duration": 60},
        {"type": "show_controls", "duration": 40, "point": [2.5, 1.5, 2.0], "direction": "up", "item": "tensura:kiln"},
        {"type": "idle", "duration": 20},
        {"type": "text", "duration": 50, "text": {"en_us": "You can also retrieve base metals, such as Gold Ingots.", "zh_cn": "也能取出基础金属，例如金锭。"}, "point": [2.5, 1.5, 2.0], "color": "green", "placeNearTarget": true},
        {"type": "idle", "duration": 60},
        {"type": "show_controls", "duration": 40, "point": [2.5, 1.5, 2.0], "direction": "up", "action": "right", "item": "tensura:kiln", "attachKeyFrame": true},
        {"type": "idle", "duration": 20},
        {"type": "text", "duration": 50, "text": {"en_us": "Right-click the Kiln to open its menu.", "zh_cn": "右键点击窑炉打开菜单。"}, "point": [2.5, 1.5, 2.0], "color": "input", "placeNearTarget": true},
        {"type": "idle", "duration": 60},
        {"type": "create_item_entity", "item": "minecraft:coal", "pos": [2.5, 1.5, 1.5], "motion": [0, 0, 0]},
        {"type": "idle", "duration": 20},
        {"type": "text", "duration": 50, "text": {"en_us": "Place fuel in the bottom slot.", "zh_cn": "放入燃料。"}, "point": [2.5, 1.5, 2.0], "color": "input", "placeNearTarget": true},
        {"type": "idle", "duration": 40},
        {"type": "clear_item_entities", "fullScene": true},
        {"type": "create_item_entity", "item": "minecraft:iron_ingot", "pos": [2.5, 1.5, 1.5], "motion": [0, 0, 0]},
        {"type": "idle", "duration": 20},
        {"type": "text", "duration": 50, "text": {"en_us": "Place the smelting item (e.g. Raw Magic Ore Shard).", "zh_cn": "放入熔炼物品（如原魔法矿石碎片）。"}, "point": [2.5, 1.5, 2.0], "color": "input", "placeNearTarget": true},
        {"type": "idle", "duration": 40},
        {"type": "clear_item_entities", "fullScene": true},
        {"type": "idle", "duration": 40},
        {"type": "create_item_entity", "item": "minecraft:iron_ingot", "pos": [2.5, 1.5, 1.5], "motion": [0, 0, 0]},
        {"type": "idle", "duration": 20},
        {"type": "text", "duration": 50, "text": {"en_us": "Obtain Molten Magisteel from the output slot.", "zh_cn": "获得熔融魔钢。"}, "point": [2.5, 1.5, 2.0], "color": "output", "placeNearTarget": true},
        {"type": "idle", "duration": 60},
        {"type": "indicate_success", "blockPos": [2, 1, 2], "attachKeyFrame": true},
        {"type": "idle", "duration": 20}
      ]
    }
  ]
}